▲ Next.js 16.2.7 (Turbopack)
- Local:         http://localhost:3001
- Network:       http://10.2.0.2:3001
- Environments: .env.local
✓ Ready in 7.7s
⚠ Slow filesystem detected. The benchmark took 351ms. If d:\One_person_AI_business\web\frontend\.next/dev is a network drive, consider moving it to a local folder.
See more: https://nextjs.org/docs/app/guides/local-development

✓ Finished writing to filesystem cache in 105s



<--- Last few GCs --->
<--- Last few GCs --->
<--- Last few GCs --->




[34908:0000024B321E2000]     7271 ms: Scavenge 8.9 (11.5) -> 7.7 (11.4) MB, pooled: 0 MB, 2.25 / 0.00 ms  (average mu = 1.000, current mu = 1.000) allocation failure; 
[35256:000001D8950D1000]      254 ms: Scavenge 8.9 (12.0) -> 7.6 (11.9) MB, pooled: 0 MB, 22.61 / 0.00 ms  (average mu = 1.000, current mu = 1.000) allocation failure; 
[35268:000001C00F6A5000]     4977 ms: Scavenge 8.9 (11.5) -> 7.6 (11.2) MB, pooled: 0 MB, 2.89 / 0.00 ms  (average mu = 1.000, current mu = 1.000) allocation failure; 
<--- Last few GCs --->
[34908:0000024B321E2000]     7443 ms: Scavenge 9.7 (12.5) -> 9.0 (17.7) MB, pooled: 0 MB, 53.15 / 0.00 ms  (average mu = 1.000, current mu = 1.000) allocation failure; 
[35256:000001D8950D1000]      372 ms: Scavenge 9.7 (12.7) -> 9.1 (18.0) MB, pooled: 0 MB, 72.80 / 0.00 ms  (average mu = 1.000, current mu = 1.000) allocation failure; 
[35268:000001C00F6A5000]     5133 ms: Scavenge 9.7 (12.7) -> 9.1 (17.7) MB, pooled: 0 MB, 1.84 / 0.00 ms  (average mu = 1.000, current mu = 1.000) allocation failure; 




[35160:00000262A9236000]     5015 ms: Scavenge 8.9 (11.5) -> 7.6 (11.4) MB, pooled: 0 MB, 1.68 / 0.00 ms  (average mu = 1.000, current mu = 1.000) allocation failure; 
[35160:00000262A9236000]     5084 ms: Scavenge 9.7 (12.5) -> 9.1 (17.5) MB, pooled: 0 MB, 3.23 / 0.00 ms  (average mu = 1.000, current mu = 1.000) allocation failure; 



<--- Last few GCs --->
<--- Last few GCs --->
FATAL ERROR: MarkCompactCollector: young object promotion failed Allocation failed - JavaScript heap out of memory
----- Native stack trace -----


FATAL ERROR: MarkCompactCollector: young object promotion failed Allocation failed - JavaScript heap out of memory

----- Native stack trace -----
[35256:000001D8950D1000]      254 ms: Scavenge 8.9 (12.0) -> 7.6 (11.9) MB, pooled: 0 MB, 22.61 / 0.00 ms  (average mu = 1.000, current mu = 1.000) allocation failure; 
[34908:0000024B321E2000]     7271 ms: Scavenge 8.9 (11.5) -> 7.7 (11.4) MB, pooled: 0 MB, 2.25 / 0.00 ms  (average mu = 1.000, current mu = 1.000) allocation failure; 

[34908:0000024B321E2000]     7443 ms: Scavenge 9.7 (12.5) -> 9.0 (17.7) MB, pooled: 0 MB, 53.15 / 0.00 ms  (average mu = 1.000, current mu = 1.000) allocation failure; 
[35256:000001D8950D1000]      372 ms: Scavenge 9.7 (12.7) -> 9.1 (18.0) MB, pooled: 0 MB, 72.80 / 0.00 ms  (average mu = 1.000, current mu = 1.000) allocation failure; 

<--- Last few GCs --->


 1: 00007FF7E3460CCF 

FATAL ERROR: MarkCompactCollector: young object promotion failed Allocation failed - JavaScript heap out of memory
[35268:000001C00F6A5000]     4977 ms: Scavenge 8.9 (11.5) -> 7.6 (11.2) MB, pooled: 0 MB, 2.89 / 0.00 ms  (average mu = 1.000, current mu = 1.000) allocation failure; 
FATAL ERROR: MarkCompactCollector: young object promotion failed Allocation failed - JavaScript heap out of memory
 2: 00007FF7E40AF697 

<--- Last few GCs --->
 3: 00007FF7E3EB00C7 

 4: 00007FF7E3E8F9DE 
[35268:000001C00F6A5000]     5133 ms: Scavenge 9.7 (12.7) -> 9.1 (17.7) MB, pooled: 0 MB, 1.84 / 0.00 ms  (average mu = 1.000, current mu = 1.000) allocation failure; 
----- Native stack trace -----


[35256:000001D8950D1000]      254 ms: Scavenge 8.9 (12.0) -> 7.6 (11.9) MB, pooled: 0 MB, 22.61 / 0.00 ms  (average mu = 1.000, current mu = 1.000) allocation failure; 
 5: 00007FF7E3E8509D 
[35256:000001D8950D1000]      372 ms: Scavenge 9.7 (12.7) -> 9.1 (18.0) MB, pooled: 0 MB, 72.80 / 0.00 ms  (average mu = 1.000, current mu = 1.000) allocation failure; 
----- Native stack trace -----
FATAL ERROR: MarkCompactCollector: young object promotion failed Allocation failed - JavaScript heap out of memory
 6: 00007FF7E3E84D4C 
----- Native stack trace -----


 7: 00007FF7E3E84991 

 8: 00007FF7E3E96E88 
 1: 00007FF7E3460CCF 


<--- Last few GCs --->
<--- Last few GCs --->
 9: 00007FF7E489519F 
 2: 00007FF7E40AF697 
10: 00007FF7E33B081E 


[34908:0000024B321E2000]     7271 ms: Scavenge 8.9 (11.5) -> 7.7 (11.4) MB, pooled: 0 MB, 2.25 / 0.00 ms  (average mu = 1.000, current mu = 1.000) allocation failure; 
[35256:000001D8950D1000]      254 ms: Scavenge 8.9 (12.0) -> 7.6 (11.9) MB, pooled: 0 MB, 22.61 / 0.00 ms  (average mu = 1.000, current mu = 1.000) allocation failure; 
11: 00007FF7E41046D6 
 3: 00007FF7E3EB00C7 
 4: 00007FF7E3E8F9DE 
[34908:0000024B321E2000]     7443 ms: Scavenge 9.7 (12.5) -> 9.0 (17.7) MB, pooled: 0 MB, 53.15 / 0.00 ms  (average mu = 1.000, current mu = 1.000) allocation failure; 
 5: 00007FF7E3E8509D 

[35256:000001D8950D1000]      372 ms: Scavenge 9.7 (12.7) -> 9.1 (18.0) MB, pooled: 0 MB, 72.80 / 0.00 ms  (average mu = 1.000, current mu = 1.000) allocation failure; 
12: 00007FF7E536A033 

13: 00007FF9190C7374 BaseThreadInitThunk+20
 6: 00007FF7E3E84D4C 
FATAL ERROR: MarkCompactCollector: young object promotion failed Allocation failed - JavaScript heap out of memory
FATAL ERROR: MarkCompactCollector: young object promotion failed Allocation failed - JavaScript heap out of memory
14: 00007FF91A89CC91 
 7: 00007FF7E3E84991 
----- Native stack trace -----
----- Native stack trace -----

 8: 00007FF7E3E96E88 

 9: 00007FF7E489519F 

FATAL ERROR: MarkCompactCollector: young object promotion failed Allocation failed - JavaScript heap out of memory
10: 00007FF7E33B081E 
<--- Last few GCs --->
----- Native stack trace -----
11: 00007FF7E41046D6 


12: 00007FF7E536A033 
[34908:0000024B321E2000]     7271 ms: Scavenge 8.9 (11.5) -> 7.7 (11.4) MB, pooled: 0 MB, 2.25 / 0.00 ms  (average mu = 1.000, current mu = 1.000) allocation failure; 
FATAL ERROR: MarkCompactCollector: young object promotion failed Allocation failed - JavaScript heap out of memory
13: 00007FF9190C7374 
----- Native stack trace -----
[34908:0000024B321E2000]     7443 ms: Scavenge 9.7 (12.5) -> 9.0 (17.7) MB, pooled: 0 MB, 53.15 / 0.00 ms  (average mu = 1.000, current mu = 1.000) allocation failure; 
14: 00007FF91A89CC91 RtlUserThreadStart+33


FATAL ERROR: MarkCompactCollector: young object promotion failed Allocation failed - JavaScript heap out of memory
FATAL ERROR: MarkCompactCollector: young object promotion failed Allocation failed - JavaScript heap out of memory
----- Native stack trace -----
----- Native stack trace -----


 1: 00007FF7E3460CCF 
 1: 00007FF7E3460CCF 
 2: 00007FF7E40AF697 
 2: 00007FF7E40AF697 
 3: 00007FF7E3EB00C7 
 3: 00007FF7E3EB00C7 
 4: 00007FF7E3E8F9DE 
 4: 00007FF7E3E8F9DE 
 5: 00007FF7E3E8509D 
 5: 00007FF7E3E8509D 
 6: 00007FF7E3E84D4C 
 6: 00007FF7E3E84D4C 
 7: 00007FF7E3E84991 
 7: 00007FF7E3E84991 
 8: 00007FF7E3E96C78 
 8: 00007FF7E3E96E88 
 9: 00007FF7E489494D 
 9: 00007FF7E489519F 
10: 00007FF7E4894DF2 
10: 00007FF7E33B081E 
11: 00007FF7E3E879D4 
11: 00007FF7E41046D6 
12: 00007FF7E3E6F0FD 
12: 00007FF7E536A033 
13: 00007FF7E3E69174 
13: 00007FF9190C7374 
14: 00007FF7E3EB24CA 
14: 00007FF91A89CC91 
15: 00007FF7E3EB1AF6 
16: 00007FF7E3EC2A42 
17: 00007FF7E3EC256B 
18: 00007FF7E534E86D 
19: 00007FF7E3EADB90 
20: 00007FF7E3F318C9 
21: 00007FF7E3AA5EE2 
22: 0000024B6A8775FA 
✓ Finished filesystem cache database compaction in 7.3min

<--- Last few GCs --->


<--- Last few GCs --->









<--- Last few GCs --->
<--- Last few GCs --->
<--- Last few GCs --->
<--- Last few GCs --->
<--- Last few GCs --->
<--- Last few GCs --->
<--- Last few GCs --->
<--- Last few GCs --->
[36612:000001B2C4B36000]     6876 ms: Scavenge 8.9 (11.5) -> 7.6 (9.4) MB, pooled: 2 MB, 1.63 / 0.00 ms  (average mu = 1.000, current mu = 1.000) allocation failure; 


<--- Last few GCs --->







[36612:000001B2C4B36000]     9106 ms: Scavenge 9.7 (10.5) -> 9.0 (17.5) MB, pooled: 0 MB, 1.85 / 0.00 ms  (average mu = 1.000, current mu = 1.000) allocation failure; 
[36752:000001A042FFB000]     5100 ms: Scavenge 8.9 (11.5) -> 7.6 (9.7) MB, pooled: 2 MB, 1.70 / 0.00 ms  (average mu = 1.000, current mu = 1.000) allocation failure; 
[36148:0000014E76F62000]     1657 ms: Scavenge 8.9 (11.5) -> 7.6 (11.4) MB, pooled: 0 MB, 1.44 / 0.00 ms  (average mu = 1.000, current mu = 1.000) allocation failure; 

[36180:000002ABE3775000]      294 ms: Scavenge 8.9 (11.5) -> 7.6 (11.4) MB, pooled: 0 MB, 1.28 / 0.00 ms  (average mu = 1.000, current mu = 1.000) allocation failure; 
[34836:00000222A5F82000]     4006 ms: Scavenge 8.9 (12.0) -> 7.7 (9.9) MB, pooled: 2 MB, 1.31 / 0.00 ms  (average mu = 1.000, current mu = 1.000) allocation failure; 
[36860:0000016F14053000]     3991 ms: Scavenge 8.9 (11.5) -> 7.6 (9.4) MB, pooled: 2 MB, 1.20 / 0.00 ms  (average mu = 1.000, current mu = 1.000) allocation failure; 
[35868:000001BD97D56000]     4036 ms: Scavenge 8.9 (11.5) -> 7.6 (9.4) MB, pooled: 2 MB, 1.29 / 0.00 ms  (average mu = 1.000, current mu = 1.000) allocation failure; 
[33144:000002718D313000]     3558 ms: Scavenge 8.9 (11.5) -> 7.6 (11.4) MB, pooled: 0 MB, 1.28 / 0.00 ms  (average mu = 1.000, current mu = 1.000) allocation failure; 

[36732:0000016DC9A13000]     5930 ms: Scavenge 8.9 (11.5) -> 7.6 (9.2) MB, pooled: 2 MB, 2.73 / 0.00 ms  (average mu = 1.000, current mu = 1.000) allocation failure; 
[36536:00000284581BC000]     8428 ms: Scavenge 8.9 (11.5) -> 7.6 (9.7) MB, pooled: 2 MB, 1.47 / 0.00 ms  (average mu = 1.000, current mu = 1.000) allocation failure; 
[36732:0000016DC9A13000]     8144 ms: Scavenge 9.7 (10.5) -> 9.1 (17.7) MB, pooled: 0 MB, 2.40 / 0.00 ms  (average mu = 1.000, current mu = 1.000) allocation failure; 
[36148:0000014E76F62000]     3855 ms: Scavenge 9.7 (12.5) -> 9.0 (17.5) MB, pooled: 0 MB, 3.15 / 0.00 ms  (average mu = 1.000, current mu = 1.000) allocation failure; 
[36180:000002ABE3775000]      325 ms: Scavenge 9.7 (12.5) -> 9.1 (17.7) MB, pooled: 0 MB, 1.80 / 0.00 ms  (average mu = 1.000, current mu = 1.000) allocation failure; 
[36752:000001A042FFB000]     7302 ms: Scavenge 9.7 (10.5) -> 9.0 (17.5) MB, pooled: 0 MB, 3.41 / 0.00 ms  (average mu = 1.000, current mu = 1.000) allocation failure; 
[36860:0000016F14053000]     6205 ms: Scavenge 9.7 (10.5) -> 9.1 (17.5) MB, pooled: 0 MB, 2.19 / 0.00 ms  (average mu = 1.000, current mu = 1.000) allocation failure; 
[17404:0000022EF86C1000]     2506 ms: Scavenge 8.9 (11.5) -> 7.6 (11.7) MB, pooled: 0 MB, 1.48 / 0.00 ms  (average mu = 1.000, current mu = 1.000) allocation failure; 
[34836:00000222A5F82000]     6202 ms: Scavenge 9.7 (10.7) -> 9.1 (17.7) MB, pooled: 0 MB, 2.00 / 0.00 ms  (average mu = 1.000, current mu = 1.000) allocation failure; 
[17404:0000022EF86C1000]     2537 ms: Scavenge 9.7 (12.5) -> 9.1 (17.7) MB, pooled: 0 MB, 1.60 / 0.00 ms  (average mu = 1.000, current mu = 1.000) allocation failure; 
[35868:000001BD97D56000]     6194 ms: Scavenge 9.7 (10.7) -> 9.1 (17.7) MB, pooled: 0 MB, 2.78 / 0.00 ms  (average mu = 1.000, current mu = 1.000) allocation failure; 
[33144:000002718D313000]     3591 ms: Scavenge 9.7 (12.7) -> 9.1 (17.5) MB, pooled: 0 MB, 1.58 / 0.00 ms  (average mu = 1.000, current mu = 1.000) allocation failure; 
FATAL ERROR: Zone Allocation failed - process out of memory

[36536:00000284581BC000]    10583 ms: Scavenge 9.7 (10.5) -> 9.1 (17.5) MB, pooled: 0 MB, 3.13 / 0.00 ms  (average mu = 1.000, current mu = 1.000) allocation failure; 





FATAL ERROR: MarkCompactCollector: young object promotion failed Allocation failed - JavaScript heap out of memory


FATAL ERROR: MarkCompactCollector: young object promotion failed Allocation failed - JavaScript heap out of memory

----- Native stack trace -----

FATAL ERROR: Zone Allocation failed - process out of memory
FATAL ERROR: MarkCompactCollector: young object promotion failed Allocation failed - JavaScript heap out of memory
FATAL ERROR: Zone Allocation failed - process out of memory
FATAL ERROR: MarkCompactCollector: young object promotion failed Allocation failed - JavaScript heap out of memory
FATAL ERROR: MarkCompactCollector: young object promotion failed Allocation failed - JavaScript heap out of memory
FATAL ERROR: MarkCompactCollector: young object promotion failed Allocation failed - JavaScript heap out of memory
----- Native stack trace -----
FATAL ERROR: MarkCompactCollector: young object promotion failed Allocation failed - JavaScript heap out of memory
----- Native stack trace -----
----- Native stack trace -----
FATAL ERROR: MarkCompactCollector: young object promotion failed Allocation failed - JavaScript heap out of memory
----- Native stack trace -----
----- Native stack trace -----
----- Native stack trace -----
----- Native stack trace -----
----- Native stack trace -----







----- Native stack trace -----
----- Native stack trace -----











<--- Last few GCs --->
<--- Last few GCs --->
<--- Last few GCs --->
<--- Last few GCs --->
<--- Last few GCs --->

<--- Last few GCs --->
<--- Last few GCs --->






[34836:00000222A5F82000]     4006 ms: Scavenge 8.9 (12.0) -> 7.7 (9.9) MB, pooled: 2 MB, 1.31 / 0.00 ms  (average mu = 1.000, current mu = 1.000) allocation failure; 
[36752:000001A042FFB000]     5100 ms: Scavenge 8.9 (11.5) -> 7.6 (9.7) MB, pooled: 2 MB, 1.70 / 0.00 ms  (average mu = 1.000, current mu = 1.000) allocation failure; 
[17404:0000022EF86C1000]     2506 ms: Scavenge 8.9 (11.5) -> 7.6 (11.7) MB, pooled: 0 MB, 1.48 / 0.00 ms  (average mu = 1.000, current mu = 1.000) allocation failure; 
[36732:0000016DC9A13000]     5930 ms: Scavenge 8.9 (11.5) -> 7.6 (9.2) MB, pooled: 2 MB, 2.73 / 0.00 ms  (average mu = 1.000, current mu = 1.000) allocation failure; 
[33144:000002718D313000]     3558 ms: Scavenge 8.9 (11.5) -> 7.6 (11.4) MB, pooled: 0 MB, 1.28 / 0.00 ms  (average mu = 1.000, current mu = 1.000) allocation failure; 
[36860:0000016F14053000]     3991 ms: Scavenge 8.9 (11.5) -> 7.6 (9.4) MB, pooled: 2 MB, 1.20 / 0.00 ms  (average mu = 1.000, current mu = 1.000) allocation failure; 
[36180:000002ABE3775000]      294 ms: Scavenge 8.9 (11.5) -> 7.6 (11.4) MB, pooled: 0 MB, 1.28 / 0.00 ms  (average mu = 1.000, current mu = 1.000) allocation failure; 
[36732:0000016DC9A13000]     8144 ms: Scavenge 9.7 (10.5) -> 9.1 (17.7) MB, pooled: 0 MB, 2.40 / 0.00 ms  (average mu = 1.000, current mu = 1.000) allocation failure; 
[36180:000002ABE3775000]      325 ms: Scavenge 9.7 (12.5) -> 9.1 (17.7) MB, pooled: 0 MB, 1.80 / 0.00 ms  (average mu = 1.000, current mu = 1.000) allocation failure; 
[34836:00000222A5F82000]     6202 ms: Scavenge 9.7 (10.7) -> 9.1 (17.7) MB, pooled: 0 MB, 2.00 / 0.00 ms  (average mu = 1.000, current mu = 1.000) allocation failure; 
[36752:000001A042FFB000]     7302 ms: Scavenge 9.7 (10.5) -> 9.0 (17.5) MB, pooled: 0 MB, 3.41 / 0.00 ms  (average mu = 1.000, current mu = 1.000) allocation failure; 
[17404:0000022EF86C1000]     2537 ms: Scavenge 9.7 (12.5) -> 9.1 (17.7) MB, pooled: 0 MB, 1.60 / 0.00 ms  (average mu = 1.000, current mu = 1.000) allocation failure; 

[33144:000002718D313000]     3591 ms: Scavenge 9.7 (12.7) -> 9.1 (17.5) MB, pooled: 0 MB, 1.58 / 0.00 ms  (average mu = 1.000, current mu = 1.000) allocation failure; 


[36860:0000016F14053000]     6205 ms: Scavenge 9.7 (10.5) -> 9.1 (17.5) MB, pooled: 0 MB, 2.19 / 0.00 ms  (average mu = 1.000, current mu = 1.000) allocation failure; 


FATAL ERROR: MarkCompactCollector: young object promotion failed Allocation failed - JavaScript heap out of memory
FATAL ERROR: MarkCompactCollector: young object promotion failed Allocation failed - JavaScript heap out of memory

FATAL ERROR: MarkCompactCollector: young object promotion failed Allocation failed - JavaScript heap out of memory
FATAL ERROR: MarkCompactCollector: young object promotion failed Allocation failed - JavaScript heap out of memory
FATAL ERROR: MarkCompactCollector: young object promotion failed Allocation failed - JavaScript heap out of memory

FATAL ERROR: MarkCompactCollector: young object promotion failed Allocation failed - JavaScript heap out of memory
FATAL ERROR: MarkCompactCollector: young object promotion failed Allocation failed - JavaScript heap out of memory
----- Native stack trace -----
----- Native stack trace -----
----- Native stack trace -----
----- Native stack trace -----
----- Native stack trace -----
----- Native stack trace -----
----- Native stack trace -----


[?25h
